Training started.
Command: python3 /app/vision/ai/train/train_yolov8.py --data /app/vision/ai/web/datasets/prepared/bee_dataset/data.yaml --model yolov8n.pt --epochs 70 --imgsz 640 --batch 16 --patience 20 --save-period -1 --workers 2 --optimizer Adam --lr0 0.005 --lrf 0.01 --weight-decay 0.0005 --warmup-epochs 3.0 --pretrained true --activation silu --seed 42 --project /app/runs/detect --name train

Ultralytics 8.4.71 🚀 Python-3.10.12 torch-2.12.1+cu130 CUDA:0 (NVIDIA GeForce RTX 3050 Laptop GPU, 3770MiB)
engine/trainer: agnostic_nms=False, amp=True, angle=1.0, augment=False, auto_augment=randaugment, batch=16, bgr=0.0, box=7.5, cache=False, cfg=None, classes=None, close_mosaic=10, cls=0.5, cls_pw=0.0, compile=False, conf=None, copy_paste=0.0, copy_paste_mode=flip, cos_lr=False, cutmix=0.0, data=/app/vision/ai/web/datasets/prepared/bee_dataset/data.yaml, degrees=0.0, deterministic=True, device=None, dfl=1.5, dnn=False, dropout=0.0, dynamic=False, embed=None, end2end=None, epochs=70, erasing=0.4, exist_ok=False, fliplr=0.5, flipud=0.0, format=torchscript, fraction=1.0, freeze=None, half=False, hsv_h=0.015, hsv_s=0.7, hsv_v=0.4, imgsz=640, int8=False, iou=0.7, keras=False, kobj=1.0, line_width=None, lr0=0.005, lrf=0.01, mask_ratio=4, max_det=300, mixup=0.0, mode=train, model=yolov8n.pt, momentum=0.937, mosaic=1.0, multi_scale=0.0, name=train, nbs=64, nms=False, opset=None, optimize=False, optimizer=Adam, overlap_mask=True, patience=20, perspective=0.0, plots=True, pose=12.0, pretrained=True, profile=False, project=/app/runs/detect, rect=False, resume=False, retina_masks=False, rle=1.0, save=True, save_conf=False, save_crop=False, save_dir=/app/runs/detect/train, save_frames=False, save_json=False, save_period=-1, save_txt=False, scale=0.5, seed=42, shear=0.0, show=False, show_boxes=True, show_conf=True, show_labels=True, simplify=True, single_cls=False, source=None, split=val, stream_buffer=False, task=detect, time=None, tracker=botsort.yaml, translate=0.1, val=True, verbose=True, vid_stride=1, visualize=False, warmup_bias_lr=0.1, warmup_epochs=3.0, warmup_momentum=0.8, weight_decay=0.0005, workers=2, workspace=None
Downloading https://ultralytics.com/assets/Arial.ttf to '/tmp/Ultralytics/Arial.ttf': 100% ━━━━━━━━━━━━ 755.1KB 10.7MB/s 0.1s
Overriding model.yaml nc=80 with nc=4
from  n    params  module                                       arguments
0                  -1  1       464  ultralytics.nn.modules.conv.Conv             [3, 16, 3, 2]
1                  -1  1      4672  ultralytics.nn.modules.conv.Conv             [16, 32, 3, 2]
2                  -1  1      7360  ultralytics.nn.modules.block.C2f             [32, 32, 1, True]
3                  -1  1     18560  ultralytics.nn.modules.conv.Conv             [32, 64, 3, 2]
4                  -1  2     49664  ultralytics.nn.modules.block.C2f             [64, 64, 2, True]
5                  -1  1     73984  ultralytics.nn.modules.conv.Conv             [64, 128, 3, 2]
6                  -1  2    197632  ultralytics.nn.modules.block.C2f             [128, 128, 2, True]
7                  -1  1    295424  ultralytics.nn.modules.conv.Conv             [128, 256, 3, 2]
8                  -1  1    460288  ultralytics.nn.modules.block.C2f             [256, 256, 1, True]
9                  -1  1    164608  ultralytics.nn.modules.block.SPPF            [256, 256, 5]
10                  -1  1         0  torch.nn.modules.upsampling.Upsample         [None, 2, 'nearest']
11             [-1, 6]  1         0  ultralytics.nn.modules.conv.Concat           [1]
12                  -1  1    148224  ultralytics.nn.modules.block.C2f             [384, 128, 1]
13                  -1  1         0  torch.nn.modules.upsampling.Upsample         [None, 2, 'nearest']
14             [-1, 4]  1         0  ultralytics.nn.modules.conv.Concat           [1]
15                  -1  1     37248  ultralytics.nn.modules.block.C2f             [192, 64, 1]
16                  -1  1     36992  ultralytics.nn.modules.conv.Conv             [64, 64, 3, 2]
17            [-1, 12]  1         0  ultralytics.nn.modules.conv.Concat           [1]
18                  -1  1    123648  ultralytics.nn.modules.block.C2f             [192, 128, 1]
19                  -1  1    147712  ultralytics.nn.modules.conv.Conv             [128, 128, 3, 2]
20             [-1, 9]  1         0  ultralytics.nn.modules.conv.Concat           [1]
21                  -1  1    493056  ultralytics.nn.modules.block.C2f             [384, 256, 1]
22        [15, 18, 21]  1    752092  ultralytics.nn.modules.head.Detect           [4, 16, None, [64, 128, 256]]
Model summary: 130 layers, 3,011,628 parameters, 3,011,612 gradients, 8.2 GFLOPs
Transferred 319/355 items from pretrained weights
Freezing layer 'model.22.dfl.conv.weight'
AMP: running Automatic Mixed Precision (AMP) checks...
AMP: checks passed ✅
train: Fast image access ✅ (ping: 0.0±0.0 ms, read: 5190.3±1172.3 MB/s, size: 195.8 KB)
train: New cache created: /app/vision/ai/web/datasets/prepared/bee_dataset/labels/train.cache
val: Fast image access ✅ (ping: 0.0±0.0 ms, read: 2958.0±1904.2 MB/s, size: 239.6 KB)
val: New cache created: /app/vision/ai/web/datasets/prepared/bee_dataset/labels/val.cache
optimizer: Adam(lr=0.005, momentum=0.937) with parameter groups 57 weight(decay=0.0), 64 weight(decay=0.0005), 63 bias(decay=0.0)
Plotting labels to /app/runs/detect/train/labels.jpg...
Image sizes 640 train, 640 val
Using 2 dataloader workers
Logging results to /app/runs/detect/train
Starting training for 70 epochs...
Epoch    GPU_mem   box_loss   cls_loss   dfl_loss  Instances       Size
all        305       4705     0.0737     0.0798     0.0283     0.0123
Epoch    GPU_mem   box_loss   cls_loss   dfl_loss  Instances       Size
all        305       4705      0.177      0.206      0.134     0.0648
Epoch    GPU_mem   box_loss   cls_loss   dfl_loss  Instances       Size
all        305       4705      0.206      0.205      0.154     0.0722
Epoch    GPU_mem   box_loss   cls_loss   dfl_loss  Instances       Size
