Training started.
Command: python3 /app/vision/ai/train/train_yolov8.py --data /app/vision/ai/web/datasets/prepared/pineapple_dataset/data.yaml --model yolov8n.pt --epochs 30 --imgsz 640 --batch 16 --patience 50 --save-period -1 --workers 2 --optimizer Adam --lr0 0.01 --lrf 0.1 --weight-decay 0.0005 --warmup-epochs 3.0 --pretrained true --activation relu --seed 42 --project runs/detect --name train

Creating new Ultralytics Settings v0.0.6 file ✅
View Ultralytics Settings with 'yolo settings' or at '/root/.config/Ultralytics/settings.json'
Update Settings with 'yolo settings key=value', i.e. 'yolo settings runs_dir=path/to/dir'. For help see https://docs.ultralytics.com/quickstart/#ultralytics-settings.
Ultralytics 8.4.71 🚀 Python-3.10.12 torch-2.12.1+cu130 CUDA:0 (NVIDIA GeForce RTX 3050 Laptop GPU, 3770MiB)
engine/trainer: agnostic_nms=False, amp=True, angle=1.0, augment=False, auto_augment=randaugment, batch=16, bgr=0.0, box=7.5, cache=False, cfg=None, classes=None, close_mosaic=10, cls=0.5, cls_pw=0.0, compile=False, conf=None, copy_paste=0.0, copy_paste_mode=flip, cos_lr=False, cutmix=0.0, data=/app/vision/ai/web/datasets/prepared/pineapple_dataset/data.yaml, degrees=0.0, deterministic=True, device=None, dfl=1.5, dnn=False, dropout=0.0, dynamic=False, embed=None, end2end=None, epochs=30, erasing=0.4, exist_ok=False, fliplr=0.5, flipud=0.0, format=torchscript, fraction=1.0, freeze=None, half=False, hsv_h=0.015, hsv_s=0.7, hsv_v=0.4, imgsz=640, int8=False, iou=0.7, keras=False, kobj=1.0, line_width=None, lr0=0.01, lrf=0.1, mask_ratio=4, max_det=300, mixup=0.0, mode=train, model=yolov8n.pt, momentum=0.937, mosaic=1.0, multi_scale=0.0, name=train-3, nbs=64, nms=False, opset=None, optimize=False, optimizer=Adam, overlap_mask=True, patience=50, perspective=0.0, plots=True, pose=12.0, pretrained=True, profile=False, project=runs/detect, rect=False, resume=False, retina_masks=False, rle=1.0, save=True, save_conf=False, save_crop=False, save_dir=/app/runs/detect/runs/detect/train-3, save_frames=False, save_json=False, save_period=-1, save_txt=False, scale=0.5, seed=42, shear=0.0, show=False, show_boxes=True, show_conf=True, show_labels=True, simplify=True, single_cls=False, source=None, split=val, stream_buffer=False, task=detect, time=None, tracker=botsort.yaml, translate=0.1, val=True, verbose=True, vid_stride=1, visualize=False, warmup_bias_lr=0.1, warmup_epochs=3.0, warmup_momentum=0.8, weight_decay=0.0005, workers=2, workspace=None
Downloading https://ultralytics.com/assets/Arial.ttf to '/root/.config/Ultralytics/Arial.ttf': 100% ━━━━━━━━━━━━ 755.1KB 5.1MB/s 0.1s
Overriding model.yaml nc=80 with nc=2
from  n    params  module                                       arguments
0                  -1  1       464  ultralytics.nn.modules.conv.Conv             [3, 16, 3, 2]
1                  -1  1      4672  ultralytics.nn.modules.conv.Conv             [16, 32, 3, 2]
2                  -1  1      7360  ultralytics.nn.modules.block.C2f             [32, 32, 1, True]
3                  -1  1     18560  ultralytics.nn.modules.conv.Conv             [32, 64, 3, 2]
4                  -1  2     49664  ultralytics.nn.modules.block.C2f             [64, 64, 2, True]
5                  -1  1     73984  ultralytics.nn.modules.conv.Conv             [64, 128, 3, 2]
6                  -1  2    197632  ultralytics.nn.modules.block.C2f             [128, 128, 2, True]
7                  -1  1    295424  ultralytics.nn.modules.conv.Conv             [128, 256, 3, 2]
8                  -1  1    460288  ultralytics.nn.modules.block.C2f             [256, 256, 1, True]
9                  -1  1    164608  ultralytics.nn.modules.block.SPPF            [256, 256, 5]
10                  -1  1         0  torch.nn.modules.upsampling.Upsample         [None, 2, 'nearest']
11             [-1, 6]  1         0  ultralytics.nn.modules.conv.Concat           [1]
12                  -1  1    148224  ultralytics.nn.modules.block.C2f             [384, 128, 1]
13                  -1  1         0  torch.nn.modules.upsampling.Upsample         [None, 2, 'nearest']
14             [-1, 4]  1         0  ultralytics.nn.modules.conv.Concat           [1]
15                  -1  1     37248  ultralytics.nn.modules.block.C2f             [192, 64, 1]
16                  -1  1     36992  ultralytics.nn.modules.conv.Conv             [64, 64, 3, 2]
17            [-1, 12]  1         0  ultralytics.nn.modules.conv.Concat           [1]
18                  -1  1    123648  ultralytics.nn.modules.block.C2f             [192, 128, 1]
19                  -1  1    147712  ultralytics.nn.modules.conv.Conv             [128, 128, 3, 2]
20             [-1, 9]  1         0  ultralytics.nn.modules.conv.Concat           [1]
21                  -1  1    493056  ultralytics.nn.modules.block.C2f             [384, 256, 1]
22        [15, 18, 21]  1    751702  ultralytics.nn.modules.head.Detect           [2, 16, None, [64, 128, 256]]
Model summary: 130 layers, 3,011,238 parameters, 3,011,222 gradients, 8.2 GFLOPs
Transferred 319/355 items from pretrained weights
Freezing layer 'model.22.dfl.conv.weight'
AMP: running Automatic Mixed Precision (AMP) checks...
AMP: checks passed ✅
train: Fast image access ✅ (ping: 0.0±0.0 ms, read: 827.7±377.9 MB/s, size: 8.8 KB)
train: New cache created: /app/vision/ai/web/datasets/prepared/pineapple_dataset/labels/train.cache
val: Fast image access ✅ (ping: 0.0±0.0 ms, read: 928.5±374.4 MB/s, size: 12.0 KB)
val: New cache created: /app/vision/ai/web/datasets/prepared/pineapple_dataset/labels/val.cache
optimizer: Adam(lr=0.01, momentum=0.937) with parameter groups 57 weight(decay=0.0), 64 weight(decay=0.0005), 63 bias(decay=0.0)
Plotting labels to /app/runs/detect/runs/detect/train-3/labels.jpg...
Image sizes 640 train, 640 val
Using 2 dataloader workers
Logging results to /app/runs/detect/runs/detect/train-3
Starting training for 30 epochs...
Epoch    GPU_mem   box_loss   cls_loss   dfl_loss  Instances       Size
all        104        506     0.0302     0.0936     0.0131    0.00337
Epoch    GPU_mem   box_loss   cls_loss   dfl_loss  Instances       Size
all        104        506     0.0407     0.0739     0.0173    0.00719
Epoch    GPU_mem   box_loss   cls_loss   dfl_loss  Instances       Size
all        104        506   0.000306     0.0239   1.41e-05   2.88e-06
Epoch    GPU_mem   box_loss   cls_loss   dfl_loss  Instances       Size
all        104        506      0.509     0.0466    0.00184   0.000404
Epoch    GPU_mem   box_loss   cls_loss   dfl_loss  Instances       Size
all        104        506       0.53     0.0466     0.0106      0.003
Epoch    GPU_mem   box_loss   cls_loss   dfl_loss  Instances       Size
all        104        506      0.258      0.423      0.175      0.084
Epoch    GPU_mem   box_loss   cls_loss   dfl_loss  Instances       Size
all        104        506       0.18      0.264      0.106     0.0574
Epoch    GPU_mem   box_loss   cls_loss   dfl_loss  Instances       Size
all        104        506       0.19      0.294      0.138     0.0549
Epoch    GPU_mem   box_loss   cls_loss   dfl_loss  Instances       Size
all        104        506      0.475      0.552      0.497      0.258
Epoch    GPU_mem   box_loss   cls_loss   dfl_loss  Instances       Size
all        104        506      0.433      0.584      0.461      0.258
Epoch    GPU_mem   box_loss   cls_loss   dfl_loss  Instances       Size
all        104        506      0.427      0.558      0.426      0.212
Epoch    GPU_mem   box_loss   cls_loss   dfl_loss  Instances       Size
all        104        506      0.532       0.66      0.595      0.332
Epoch    GPU_mem   box_loss   cls_loss   dfl_loss  Instances       Size
all        104        506      0.559      0.621      0.574      0.331
Epoch    GPU_mem   box_loss   cls_loss   dfl_loss  Instances       Size
all        104        506      0.553      0.625      0.572      0.324
Epoch    GPU_mem   box_loss   cls_loss   dfl_loss  Instances       Size
all        104        506      0.466      0.692      0.517        0.3
Epoch    GPU_mem   box_loss   cls_loss   dfl_loss  Instances       Size
all        104        506      0.548      0.759      0.653       0.39
Epoch    GPU_mem   box_loss   cls_loss   dfl_loss  Instances       Size
all        104        506      0.491       0.77      0.602      0.353
Epoch    GPU_mem   box_loss   cls_loss   dfl_loss  Instances       Size
all        104        506       0.61      0.691      0.629      0.374
Epoch    GPU_mem   box_loss   cls_loss   dfl_loss  Instances       Size
all        104        506      0.594      0.653      0.603       0.37
Epoch    GPU_mem   box_loss   cls_loss   dfl_loss  Instances       Size
all        104        506      0.587      0.703      0.638      0.395
Closing dataloader mosaic
Epoch    GPU_mem   box_loss   cls_loss   dfl_loss  Instances       Size
all        104        506      0.572       0.69      0.644       0.38
Epoch    GPU_mem   box_loss   cls_loss   dfl_loss  Instances       Size
all        104        506      0.589      0.578      0.549      0.329
Epoch    GPU_mem   box_loss   cls_loss   dfl_loss  Instances       Size
all        104        506      0.604      0.674      0.646      0.386
Epoch    GPU_mem   box_loss   cls_loss   dfl_loss  Instances       Size
all        104        506      0.578      0.724      0.628      0.378
Epoch    GPU_mem   box_loss   cls_loss   dfl_loss  Instances       Size
all        104        506      0.653      0.665      0.666      0.427
Epoch    GPU_mem   box_loss   cls_loss   dfl_loss  Instances       Size
all        104        506      0.601      0.705      0.664      0.406
Epoch    GPU_mem   box_loss   cls_loss   dfl_loss  Instances       Size
all        104        506      0.644      0.722      0.712      0.423
Epoch    GPU_mem   box_loss   cls_loss   dfl_loss  Instances       Size
all        104        506      0.605      0.759      0.712      0.444
Epoch    GPU_mem   box_loss   cls_loss   dfl_loss  Instances       Size
all        104        506      0.654      0.724      0.722      0.462
Epoch    GPU_mem   box_loss   cls_loss   dfl_loss  Instances       Size
all        104        506      0.611      0.766      0.722       0.46
30 epochs completed in 0.067 hours.
Optimizer stripped from /app/runs/detect/runs/detect/train-3/weights/last.pt, 6.2MB
Optimizer stripped from /app/runs/detect/runs/detect/train-3/weights/best.pt, 6.2MB
Validating /app/runs/detect/runs/detect/train-3/weights/best.pt...
Ultralytics 8.4.71 🚀 Python-3.10.12 torch-2.12.1+cu130 CUDA:0 (NVIDIA GeForce RTX 3050 Laptop GPU, 3770MiB)
Model summary (fused): 73 layers, 3,006,038 parameters, 0 gradients, 8.1 GFLOPs
all        104        506      0.654      0.725      0.722      0.462
apple         71        397      0.693      0.792      0.779      0.427
damaged_apple         53        109      0.614      0.658      0.664      0.497
Speed: 0.2ms preprocess, 6.3ms inference, 0.0ms loss, 3.2ms postprocess per image
Results saved to /app/runs/detect/runs/detect/train-3
